{
  "version": "1.5.0",
  "plugins_used": [
    {
      "name": "ArtifactoryDetector"
    },
    {
      "name": "AWSKeyDetector"
    },
    {
      "name": "AzureStorageKeyDetector"
    },
    {
      "name": "Base64HighEntropyString",
      "limit": 4.5
    },
    {
      "name": "BasicAuthDetector"
    },
    {
      "name": "CloudantDetector"
    },
    {
      "name": "DiscordBotTokenDetector"
    },
    {
      "name": "GitHubTokenDetector"
    },
    {
      "name": "GitLabTokenDetector"
    },
    {
      "name": "HexHighEntropyString",
      "limit": 3.0
    },
    {
      "name": "IbmCloudIamDetector"
    },
    {
      "name": "IbmCosHmacDetector"
    },
    {
      "name": "IPPublicDetector"
    },
    {
      "name": "JwtTokenDetector"
    },
    {
      "name": "KeywordDetector",
      "keyword_exclude": ""
    },
    {
      "name": "MailchimpDetector"
    },
    {
      "name": "NpmDetector"
    },
    {
      "name": "OpenAIDetector"
    },
    {
      "name": "PrivateKeyDetector"
    },
    {
      "name": "PypiTokenDetector"
    },
    {
      "name": "SendGridDetector"
    },
    {
      "name": "SlackDetector"
    },
    {
      "name": "SoftlayerDetector"
    },
    {
      "name": "SquareOAuthDetector"
    },
    {
      "name": "StripeDetector"
    },
    {
      "name": "TelegramBotTokenDetector"
    },
    {
      "name": "TwilioKeyDetector"
    }
  ],
  "filters_used": [
    {
      "path": "detect_secrets.filters.allowlist.is_line_allowlisted"
    },
    {
      "path": "detect_secrets.filters.common.is_baseline_file",
      "filename": ".secrets.baseline"
    },
    {
      "path": "detect_secrets.filters.common.is_ignored_due_to_verification_policies",
      "min_level": 2
    },
    {
      "path": "detect_secrets.filters.heuristic.is_indirect_reference"
    },
    {
      "path": "detect_secrets.filters.heuristic.is_likely_id_string"
    },
    {
      "path": "detect_secrets.filters.heuristic.is_lock_file"
    },
    {
      "path": "detect_secrets.filters.heuristic.is_not_alphanumeric_string"
    },
    {
      "path": "detect_secrets.filters.heuristic.is_potential_uuid"
    },
    {
      "path": "detect_secrets.filters.heuristic.is_prefixed_with_dollar_sign"
    },
    {
      "path": "detect_secrets.filters.heuristic.is_sequential_string"
    },
    {
      "path": "detect_secrets.filters.heuristic.is_swagger_file"
    },
    {
      "path": "detect_secrets.filters.heuristic.is_templated_secret"
    }
  ],
  "results": {
    "Tests\\etl\\test_news_get_newsapi.py": [
      {
        "type": "Secret Keyword",
        "filename": "Tests\\etl\\test_news_get_newsapi.py",
        "hashed_secret": "c4005aa5e2c3db4ccf22f037e19a258fbfee2347",
        "is_verified": false,
        "line_number": 50
      }
    ],
    "Tests\\unit\\test_config_comprehensive.py": [
      {
        "type": "Basic Auth Credentials",
        "filename": "Tests\\unit\\test_config_comprehensive.py",
        "hashed_secret": "9d4e1e23bd5b727046a9e3b4b7db57bd8d6ee684",
        "is_verified": false,
        "line_number": 31
      },
      {
        "type": "Secret Keyword",
        "filename": "Tests\\unit\\test_config_comprehensive.py",
        "hashed_secret": "3acfb2c2b433c0ea7ff107e33df91b18e52f960f",
        "is_verified": false,
        "line_number": 219
      },
      {
        "type": "Secret Keyword",
        "filename": "Tests\\unit\\test_config_comprehensive.py",
        "hashed_secret": "1bdb819b553a3ebcdf42833ea0e5c05b8dac455c",
        "is_verified": false,
        "line_number": 278
      },
      {
        "type": "Secret Keyword",
        "filename": "Tests\\unit\\test_config_comprehensive.py",
        "hashed_secret": "3b499350d90c7ef99598a55b79107a8c12caaa3c",
        "is_verified": false,
        "line_number": 279
      }
    ],
    "Tests\\verify_api.py": [
      {
        "type": "Secret Keyword",
        "filename": "Tests\\verify_api.py",
        "hashed_secret": "1ddd8d9a2da2bf713d56f48a162c79f49d1984ce",
        "is_verified": false,
        "line_number": 10
      }
    ],
    "docs\\architecture.md": [
      {
        "type": "Secret Keyword",
        "filename": "docs\\architecture.md",
        "hashed_secret": "a616a64c0fbc30f12287d0f24f3b90dd2e6a206e",
        "is_verified": false,
        "line_number": 802
      }
    ],
    "docs\\archive\\refactoring\\UDEMY_UNIVERSAL_REFACTORING.md": [
      {
        "type": "Secret Keyword",
        "filename": "docs\\archive\\refactoring\\UDEMY_UNIVERSAL_REFACTORING.md",
        "hashed_secret": "5baa61e4c9b93f3f0682250b6cf8331b7ee68fd8",
        "is_verified": false,
        "line_number": 172
      },
      {
        "type": "Secret Keyword",
        "filename": "docs\\archive\\refactoring\\UDEMY_UNIVERSAL_REFACTORING.md",
        "hashed_secret": "206c80413b9a96c1312cc346b7d2517b84463edd",
        "is_verified": false,
        "line_number": 319
      }
    ],
    "docs\\technical\\CONFIGURATION_GUIDE.md": [
      {
        "type": "Basic Auth Credentials",
        "filename": "docs\\technical\\CONFIGURATION_GUIDE.md",
        "hashed_secret": "5baa61e4c9b93f3f0682250b6cf8331b7ee68fd8",
        "is_verified": false,
        "line_number": 103
      },
      {
        "type": "Basic Auth Credentials",
        "filename": "docs\\technical\\CONFIGURATION_GUIDE.md",
        "hashed_secret": "9d4e1e23bd5b727046a9e3b4b7db57bd8d6ee684",
        "is_verified": false,
        "line_number": 249
      }
    ],
    "src\\etl\\entertainment\\trakt_trending_etl.py": [
      {
        "type": "Secret Keyword",
        "filename": "src\\etl\\entertainment\\trakt_trending_etl.py",
        "hashed_secret": "28563ae0c28826209de60122a3ff8a9787aa58b1",
        "is_verified": false,
        "line_number": 24
      }
    ],
    "src\\miners\\udemy-universal\\duce-cli-settings.example.json": [
      {
        "type": "Secret Keyword",
        "filename": "src\\miners\\udemy-universal\\duce-cli-settings.example.json",
        "hashed_secret": "b0e6892b25f377490612d0334c7988e721fb76c5",
        "is_verified": false,
        "line_number": 4
      }
    ]
  },
  "generated_at": "2026-08-19T13:35:23Z"
}
