Starting Streamlit app at 15/05/2025 11:10:16,63
Starting Streamlit app on http://localhost:8501
Working directory: C:\Users\josem\watchtower\src\web\fullstreamlit
PYTHONPATH: C:\Users\josem\watchtower;C:\Users\josem\watchtower
Data directory: C:\Users\josem\watchtower\data
Starting Streamlit app at 15/05/2025 11:10:18,76
Starting Streamlit app on http://localhost:8501
Working directory: C:\Users\josem\watchtower\src\web\fullstreamlit
PYTHONPATH: C:\Users\josem\watchtower;C:\Users\josem\watchtower
Data directory: C:\Users\josem\watchtower\data
Starting Streamlit app at 15/05/2025 11:10:22,96
Starting Streamlit app on http://localhost:8501
Working directory: C:\Users\josem\watchtower\src\web\fullstreamlit
PYTHONPATH: C:\Users\josem\watchtower;C:\Users\josem\watchtower
Data directory: C:\Users\josem\watchtower\data
Starting Streamlit app at 15/05/2025 11:10:33,46
Starting Streamlit app on http://localhost:8501
Working directory: C:\Users\josem\watchtower\src\web\fullstreamlit
PYTHONPATH: C:\Users\josem\watchtower;C:\Users\josem\watchtower
Data directory: C:\Users\josem\watchtower\data
Starting Streamlit app at 15/05/2025 11:10:35,57
Starting Streamlit app on http://localhost:8501
Working directory: C:\Users\josem\watchtower\src\web\fullstreamlit
PYTHONPATH: C:\Users\josem\watchtower;C:\Users\josem\watchtower
Data directory: C:\Users\josem\watchtower\data
Starting Streamlit app at 15/05/2025 11:10:39,75
Starting Streamlit app on http://localhost:8501
Working directory: C:\Users\josem\watchtower\src\web\fullstreamlit
PYTHONPATH: C:\Users\josem\watchtower;C:\Users\josem\watchtower
Data directory: C:\Users\josem\watchtower\data
Starting Streamlit app at 15/05/2025 11:10:47,98
Starting Streamlit app on http://localhost:8501
Working directory: C:\Users\josem\watchtower\src\web\fullstreamlit
PYTHONPATH: C:\Users\josem\watchtower;C:\Users\josem\watchtower
Data directory: C:\Users\josem\watchtower\data
Starting Streamlit app at 15/05/2025 11:10:54,99
Starting Streamlit app on http://localhost:8501
Working directory: C:\Users\josem\watchtower\src\web\fullstreamlit
PYTHONPATH: C:\Users\josem\watchtower;C:\Users\josem\watchtower
Data directory: C:\Users\josem\watchtower\data
Starting Streamlit app at 15/05/2025 11:10:57,13
Starting Streamlit app on http://localhost:8501
Working directory: C:\Users\josem\watchtower\src\web\fullstreamlit
PYTHONPATH: C:\Users\josem\watchtower;C:\Users\josem\watchtower
Data directory: C:\Users\josem\watchtower\data
Starting Streamlit app at 15/05/2025 11:11:01,28
Starting Streamlit app on http://localhost:8501
Working directory: C:\Users\josem\watchtower\src\web\fullstreamlit
PYTHONPATH: C:\Users\josem\watchtower;C:\Users\josem\watchtower
Data directory: C:\Users\josem\watchtower\data
Starting Streamlit app at 15/05/2025 11:11:09,47
Starting Streamlit app on http://localhost:8501
Working directory: C:\Users\josem\watchtower\src\web\fullstreamlit
PYTHONPATH: C:\Users\josem\watchtower;C:\Users\josem\watchtower
Data directory: C:\Users\josem\watchtower\data
Starting Streamlit app at 15/05/2025 11:11:25,64
Starting Streamlit app on http://localhost:8501
Working directory: C:\Users\josem\watchtower\src\web\fullstreamlit
PYTHONPATH: C:\Users\josem\watchtower;C:\Users\josem\watchtower
Data directory: C:\Users\josem\watchtower\data
Starting Streamlit app at 15/05/2025 11:12:15,33
Starting Streamlit app on http://localhost:8501
Working directory: C:\Users\josem\watchtower\src\web\fullstreamlit
PYTHONPATH: C:\Users\josem\watchtower;C:\Users\josem\watchtower
Data directory: C:\Users\josem\watchtower\data
Starting Streamlit app at 15/05/2025 11:12:17,46
Starting Streamlit app on http://localhost:8501
Working directory: C:\Users\josem\watchtower\src\web\fullstreamlit
PYTHONPATH: C:\Users\josem\watchtower;C:\Users\josem\watchtower
Data directory: C:\Users\josem\watchtower\data
Starting Streamlit app at 15/05/2025 11:12:21,53
Starting Streamlit app on http://localhost:8501
Working directory: C:\Users\josem\watchtower\src\web\fullstreamlit
PYTHONPATH: C:\Users\josem\watchtower;C:\Users\josem\watchtower
Data directory: C:\Users\josem\watchtower\data
Starting Streamlit app at 15/05/2025 11:12:29,73
Starting Streamlit app on http://localhost:8501
Working directory: C:\Users\josem\watchtower\src\web\fullstreamlit
PYTHONPATH: C:\Users\josem\watchtower;C:\Users\josem\watchtower
Data directory: C:\Users\josem\watchtower\data
Starting Streamlit app at 15/05/2025 11:12:45,99
Starting Streamlit app on http://localhost:8501
Working directory: C:\Users\josem\watchtower\src\web\fullstreamlit
PYTHONPATH: C:\Users\josem\watchtower;C:\Users\josem\watchtower
Data directory: C:\Users\josem\watchtower\data
Starting Streamlit app at 15/05/2025 11:13:18,14
Starting Streamlit app on http://localhost:8501
Working directory: C:\Users\josem\watchtower\src\web\fullstreamlit
PYTHONPATH: C:\Users\josem\watchtower;C:\Users\josem\watchtower
Data directory: C:\Users\josem\watchtower\data
Starting Streamlit app at 15/05/2025 11:14:22,51
Starting Streamlit app on http://localhost:8501
Working directory: C:\Users\josem\watchtower\src\web\fullstreamlit
PYTHONPATH: C:\Users\josem\watchtower;C:\Users\josem\watchtower
Data directory: C:\Users\josem\watchtower\data
Starting Streamlit app at 15/05/2025 11:16:30,67
Starting Streamlit app on http://localhost:8501
Working directory: C:\Users\josem\watchtower\src\web\fullstreamlit
PYTHONPATH: C:\Users\josem\watchtower;C:\Users\josem\watchtower
Data directory: C:\Users\josem\watchtower\data
Starting Streamlit app at 15/05/2025 11:20:46,88
Starting Streamlit app on http://localhost:8501
Working directory: C:\Users\josem\watchtower\src\web\fullstreamlit
PYTHONPATH: C:\Users\josem\watchtower;C:\Users\josem\watchtower
Data directory: C:\Users\josem\watchtower\data
