2025-03-04 18:51:29,406 - Golddigging_Orchestrator - INFO - Starting Golddigging Orchestrator
2025-03-04 18:51:29,408 - Golddigging_Orchestrator - INFO - Verified required directories exist: data/goldigging, logs
2025-03-04 18:51:29,408 - Golddigging_Orchestrator - INFO - Running initial ETL job...
2025-03-04 18:51:29,408 - Golddigging_Orchestrator - INFO - Starting YouTube ETL process...
2025-03-04 18:51:29,409 - Golddigging_Orchestrator - ERROR - ETL script not found at: C:\Users\josem\megalith\src\etl\goldigging\youtube_get_posts.py
2025-03-04 18:51:29,409 - Golddigging_Orchestrator - INFO - Orchestrator running. Waiting for scheduled jobs...
2025-03-04 18:52:06,248 - Golddigging_Orchestrator - INFO - Starting Golddigging Orchestrator
2025-03-04 18:52:06,249 - Golddigging_Orchestrator - INFO - Verified required directories exist: data/youtube, logs
2025-03-04 18:52:06,250 - Golddigging_Orchestrator - INFO - Running initial ETL job...
2025-03-04 18:52:06,251 - Golddigging_Orchestrator - INFO - Starting YouTube ETL process...
2025-03-04 18:52:06,251 - Golddigging_Orchestrator - ERROR - ETL script not found at: C:\Users\josem\megalith\src\etl\youtube\youtube_get_posts.py
2025-03-04 18:52:06,252 - Golddigging_Orchestrator - INFO - Orchestrator running. Waiting for scheduled jobs...
2025-03-04 18:52:21,497 - Golddigging_Orchestrator - INFO - Starting Golddigging Orchestrator
2025-03-04 18:52:21,497 - Golddigging_Orchestrator - INFO - Verified required directories exist: data/youtube, logs
2025-03-04 18:52:21,497 - Golddigging_Orchestrator - INFO - Running initial ETL job...
2025-03-04 18:52:21,498 - Golddigging_Orchestrator - INFO - Starting YouTube ETL process...
2025-03-04 18:52:21,498 - Golddigging_Orchestrator - INFO - Running ETL script: C:\Users\josem\megalith\src\etl\goldigging\goldigging_youtube_posts.py
2025-03-04 18:52:28,048 - Golddigging_Orchestrator - INFO - YouTube ETL process completed successfully in 6.55 seconds
2025-03-04 18:52:28,049 - Golddigging_Orchestrator - INFO - Orchestrator running. Waiting for scheduled jobs...
2025-03-04 19:35:48,315 - Golddigging_Orchestrator - INFO - Starting Golddigging Orchestrator
2025-03-04 19:35:48,316 - Golddigging_Orchestrator - INFO - Verified required directories exist: data/youtube, logs
2025-03-04 19:35:48,316 - Golddigging_Orchestrator - INFO - Running initial ETL job...
2025-03-04 19:35:48,316 - Golddigging_Orchestrator - INFO - Starting YouTube ETL process...
2025-03-04 19:35:48,317 - Golddigging_Orchestrator - INFO - Running ETL script: C:\Users\josem\megalith\src\etl\goldigging\goldigging_youtube_posts.py
2025-03-04 19:36:01,118 - Golddigging_Orchestrator - INFO - YouTube ETL process completed successfully in 12.80 seconds
2025-03-04 19:36:01,118 - Golddigging_Orchestrator - INFO - Orchestrator running. Waiting for scheduled jobs...
