2025-03-03 03:57:13,206 - FutureNewsApp - INFO - Starting Future News Dashboard
2025-03-03 03:57:13,389 - FutureNewsApp - INFO - Loading and preparing data
2025-03-03 03:57:13,391 - FutureNewsApp - INFO - Fetching and processing news data
2025-03-03 03:57:13,391 - FutureNewsApp - INFO - Loading data from ../../../../data/futurenews\futurenews_20250303.json
2025-03-03 03:57:13,392 - FutureNewsApp - INFO - Successfully loaded 100 records from ../../../../data/futurenews\futurenews_20250303.json
2025-03-03 03:57:13,392 - FutureNewsApp - INFO - Processing news data
2025-03-03 03:57:13,395 - FutureNewsApp - INFO - Data processing completed
2025-03-03 03:57:13,396 - FutureNewsApp - INFO - Data loaded: 100 news articles
2025-03-03 03:57:13,397 - FutureNewsApp - INFO - Rendering News section
2025-03-03 03:57:13,400 - FutureNewsApp - INFO - News filtered: 100 results after applying filters
2025-03-03 03:57:13,409 - FutureNewsApp - INFO - Dashboard rendering completed
2025-03-03 03:57:13,600 - FutureNewsApp - INFO - Starting Future News Dashboard
2025-03-03 03:57:13,602 - FutureNewsApp - INFO - Loading and preparing data
2025-03-03 03:57:13,603 - FutureNewsApp - INFO - Data loaded: 100 news articles
2025-03-03 03:57:13,604 - FutureNewsApp - INFO - Rendering News section
2025-03-03 03:57:13,606 - FutureNewsApp - INFO - News filtered: 100 results after applying filters
2025-03-03 03:57:13,612 - FutureNewsApp - INFO - Dashboard rendering completed
2025-03-03 03:59:12,656 - FutureNewsApp - INFO - Starting Future News Dashboard
2025-03-03 03:59:12,658 - FutureNewsApp - INFO - Loading and preparing data
2025-03-03 03:59:12,660 - FutureNewsApp - INFO - Data loaded: 100 news articles
2025-03-03 03:59:12,661 - FutureNewsApp - INFO - Rendering News section
2025-03-03 03:59:12,664 - FutureNewsApp - INFO - News filtered: 100 results after applying filters
2025-03-03 03:59:12,671 - FutureNewsApp - INFO - Dashboard rendering completed
